============================= test session starts =============================
platform win32 -- Python 3.13.2, pytest-9.0.1, pluggy-1.6.0
rootdir: C:\Users\Patrik\PycharmProjects\WPSteuerung\WPSteuerung
plugins: anyio-4.11.0, asyncio-1.3.0
asyncio: mode=Mode.STRICT, debug=False, asyncio_default_fixture_loop_scope=None, asyncio_default_test_loop_scope=function
collected 1 item

tests\test_day_simulation.py 

=== SZENARIO: 1. Standard Tag + Schwankungen ===
UHRZEIT    | MODUS                | TEMP (O/M/U) | REGEL  | EIN  | AUS  | VERD   | SOLAR    | KOMPRESSOR | INFO
--------------------------------------------------------------------------------------------------------------------------------------------
DEBUG: temp_met=False, solar_met=True, pause_ok=True, comp_ein=False
00:00      | Nachtmodus           | 40/40/35     | 40     | 28.0 | 30.0 | 10.0   | 0W       | AUS        | Start Nacht
DEBUG: temp_met=False, solar_met=True, pause_ok=True, comp_ein=False
02:00      | Nachtmodus           | 34/34/30     | 34     | 28.0 | 30.0 | 10.0   | 0W       | AUS        | Temp < Einschalt (35) -> AN
DEBUG: temp_met=False, solar_met=True, pause_ok=True, comp_ein=False
03:00      | Nachtmodus           | 46/46/42     | 46     | 28.0 | 30.0 | 10.0   | 0W       | AUS        | Temp > Ausschalt (45) -> AUS
DEBUG: temp_met=False, solar_met=True, pause_ok=True, comp_ein=False
07:00      | Nachtmodus           | 39/39/36     | 39     | 28.0 | 30.0 | 10.0   | 100W     | AUS        | Morgen (▄bergang)
DEBUG: time_since_off=531 days, 12:00:00, min_pause=0:03:00
DEBUG: temp_met=True, solar_met=True, pause_ok=True, comp_ein=False
DEBUG: can_start_new_cycle=True
12:00      | Solar³berschuss      | 42/42/40     | 40     | 40   | 48   | 10.0   | 1000W    | AN         | Solar³berschuss -> Sollwerte hoch
12:15      | Solar³berschuss      | 42/42/40     | 40     | 40   | 48   | 10.0   | 1000W    | AN         | Kompressor AN (Solarboost)
13:00      | Normalmodus          | 48/48/46     | 48     | 43.0 | 45.0 | 10.0   | 200W     | AUS        | Wolke! BatPower < 600 -> Normalmodus
DEBUG: temp_met=False, solar_met=True, pause_ok=True, comp_ein=False
13:15      | Solar³berschuss      | 48/48/46     | 46     | 40   | 48   | 10.0   | 1200W    | AUS        | Sonne da -> Solar³berschuss
16:00      | Solar³berschuss      | 56/56/54     | 54     | 40   | 48   | 10.0   | 800W     | AUS        | Speicher voll -> AUS [SAFETY: ▄bertemperatur (>= 50.0 Grad)]
DEBUG: temp_met=False, solar_met=True, pause_ok=True, comp_ein=False
23:00      | Nachtmodus           | 45/45/42     | 45     | 28.0 | 30.0 | 10.0   | -200W    | AUS        | Nacht
--------------------------------------------------------------------------------------------------------------------------------------------


=== SZENARIO: 2. ▄bergõnge & Moduswechsel ===
UHRZEIT    | MODUS                | TEMP (O/M/U) | REGEL  | EIN  | AUS  | VERD   | SOLAR    | KOMPRESSOR | INFO
--------------------------------------------------------------------------------------------------------------------------------------------
DEBUG: temp_met=False, solar_met=False, pause_ok=True, comp_ein=False
09:55      | ▄bergangsmodus       | 45/45/42     | 45     | 43.0 | 45.0 | 10.0   | 100W     | AUS        | Morgen ▄bergang (Ende 10:00)
DEBUG: temp_met=False, solar_met=True, pause_ok=True, comp_ein=False
10:05      | Normalmodus          | 45/45/42     | 45     | 43.0 | 45.0 | 10.0   | 100W     | AUS        | Normalmodus (nach 10:00)
DEBUG: temp_met=False, solar_met=True, pause_ok=True, comp_ein=False
11:00      | Solar³berschuss      | 45/45/42     | 42     | 40   | 48   | 10.0   | 800W     | AUS        | Direkt zu Solar³berschuss (>600W, SOC>95)
DEBUG: temp_met=False, solar_met=True, pause_ok=True, comp_ein=False
11:15      | Solar³berschuss      | 45/45/42     | 42     | 40   | 48   | 10.0   | 800W     | AUS        | Kompressor AN (Solar)
14:00      | Normalmodus          | 50/50/48     | 50     | 43.0 | 45.0 | 10.0   | -100W    | AUS        | Verbrauch hoch, Bat leer -> Normalmodus [SAFETY: ▄bertemperatur (>= 50.0 Grad)]
14:15      | Normalmodus          | 50/50/48     | 50     | 43.0 | 45.0 | 10.0   | -100W    | AUS        | Kompressor bleibt AN (Hysterese) [SAFETY: ▄bertemperatur (>= 50.0 Grad)]
18:05      | ▄bergangsmodus       | 50/50/48     | 50     | 43.0 | 45.0 | 10.0   | -100W    | AUS        | Abend ▄bergang (Start 18:00) [SAFETY: ▄bertemperatur (>= 50.0 Grad)]
--------------------------------------------------------------------------------------------------------------------------------------------


=== SZENARIO: 3. Fehlerfõlle & Edge Cases ===
UHRZEIT    | MODUS                | TEMP (O/M/U) | REGEL  | EIN  | AUS  | VERD   | SOLAR    | KOMPRESSOR | INFO
--------------------------------------------------------------------------------------------------------------------------------------------
DEBUG: temp_met=True, solar_met=False, pause_ok=True, comp_ein=False
10:00      | ▄bergangsmodus       | 40/40/38     | 40     | 43.0 | 45.0 | 10     | 0W       | AUS        | Normalbetrieb
DEBUG: time_since_off=531 days, 10:15:00, min_pause=0:03:00
DEBUG: temp_met=True, solar_met=True, pause_ok=True, comp_ein=False
DEBUG: can_start_new_cycle=True
10:15      | Normalmodus          | 40/40/38     | 40     | 43.0 | 45.0 | 10     | 0W       | AN         | Kompressor AN
10:30      | Normalmodus          | ERR          | N/A    | 43.0 | 45.0 | 10     | 0W       | AN         | SENSORFEHLER: T_Mittig ausgefallen
10:45      | Normalmodus          | 42/42/40     | 42     | 43.0 | 45.0 | 10     | 0W       | AN         | Sensor wieder da
11:00      | Normalmodus          | 45/45/42     | 45     | 43.0 | 45.0 | 10     | 0W       | AUS        | Normalbetrieb
11:15      | Normalmodus          | 65/45/42     | 45     | 43.0 | 45.0 | 10     | 0W       | AUS        | ▄BERTEMPERATUR T_Oben=65! [SAFETY: ▄bertemperatur (>= 50.0 Grad)]
11:30      | Normalmodus          | 55/45/42     | 45     | 43.0 | 45.0 | 10     | 0W       | AUS        | Abk³hlung T_Oben=55 [SAFETY: ▄bertemperatur (>= 50.0 Grad)]
12:00      | Normalmodus          | 45/45/42     | 45     | 43.0 | 45.0 | -15    | 0W       | AUS        | VERDAMPFER VEREIST (-15░C) [SAFETY: Verdampfertemperatur zu niedrig (-15.0 Grad < 6.0 Grad)]
--------------------------------------------------------------------------------------------------------------------------------------------


=== SZENARIO: 4. Mindestlaufzeit & Pause ===
UHRZEIT    | MODUS                | TEMP (O/M/U) | REGEL  | EIN  | AUS  | VERD   | SOLAR    | KOMPRESSOR | INFO
--------------------------------------------------------------------------------------------------------------------------------------------
DEBUG: temp_met=False, solar_met=False, pause_ok=True, comp_ein=False
08:00      | ▄bergangsmodus       | 40/40/35     | 40     | 28.0 | 30.0 | 10.0   | 0W       | AUS        | Start (Normalmodus)
DEBUG: temp_met=True, solar_met=False, pause_ok=True, comp_ein=False
08:05      | ▄bergangsmodus       | 34/34/30     | 34     | 43.0 | 45.0 | 10.0   | 0W       | AUS        | Temp < Einschalt -> AN
DEBUG: temp_met=False, solar_met=False, pause_ok=True, comp_ein=False
08:10      | ▄bergangsmodus       | 46/46/42     | 46     | 43.0 | 45.0 | 10.0   | 0W       | AUS        | Temp > Ausschalt -> Bleibt AN (Min Laufzeit 5/10 min)
DEBUG: temp_met=False, solar_met=False, pause_ok=True, comp_ein=False
08:16      | ▄bergangsmodus       | 46/46/42     | 46     | 43.0 | 45.0 | 10.0   | 0W       | AUS        | Temp > Ausschalt -> AUS (Laufzeit > 10 min)
DEBUG: temp_met=True, solar_met=False, pause_ok=True, comp_ein=False
08:20      | ▄bergangsmodus       | 34/34/30     | 34     | 43.0 | 45.0 | 10.0   | 0W       | AUS        | Temp < Einschalt -> Bleibt AUS (Min Pause 4/10 min)
DEBUG: temp_met=True, solar_met=False, pause_ok=True, comp_ein=False
08:27      | ▄bergangsmodus       | 34/34/30     | 34     | 43.0 | 45.0 | 10.0   | 0W       | AUS        | Temp < Einschalt -> AN (Pause > 10 min)
--------------------------------------------------------------------------------------------------------------------------------------------


=== SZENARIO: 6. Abend-▄bergang Kaltstart ===
UHRZEIT    | MODUS                | TEMP (O/M/U) | REGEL  | EIN  | AUS  | VERD   | SOLAR    | KOMPRESSOR | INFO
--------------------------------------------------------------------------------------------------------------------------------------------
DEBUG: temp_met=True, solar_met=False, pause_ok=True, comp_ein=False
17:59      | ▄bergangsmodus       | 35/35/30     | 35     | 43.0 | 45.0 | 10.0   | 0W       | AUS        | Vor Abend-▄bergangsmodus
DEBUG: time_since_off=531 days, 18:00:00, min_pause=0:03:00
DEBUG: temp_met=True, solar_met=True, pause_ok=True, comp_ein=False
DEBUG: can_start_new_cycle=True
18:00      | ▄bergangsmodus       | 25/25/22     | 25     | 43.0 | 45.0 | 10.0   | 0W       | AN         | Abend-▄bergangsmodus START - Sehr Kalt (25░C < 28░C Night-Setpoint) - KEIN Solar
18:15      | ▄bergangsmodus       | 25/25/22     | 25     | 43.0 | 45.0 | 10.0   | 0W       | AN         | Sollte AN sein wegen kritischer Kõlte
--------------------------------------------------------------------------------------------------------------------------------------------


=== SZENARIO: 5. ▄bergangsmodus Edge Cases (Bug-Catching) ===
UHRZEIT    | MODUS                | TEMP (O/M/U) | REGEL  | EIN  | AUS  | VERD   | SOLAR    | KOMPRESSOR | INFO
--------------------------------------------------------------------------------------------------------------------------------------------
DEBUG: temp_met=False, solar_met=True, pause_ok=True, comp_ein=False
07:59      | Nachtmodus           | 35/35/30     | 35     | 28.0 | 30.0 | 10.0   | 0W       | AUS        | Vor ▄bergangsmodus (Nacht)
DEBUG: temp_met=False, solar_met=False, pause_ok=True, comp_ein=False
08:00      | ▄bergangsmodus       | 35/35/30     | 35     | 28.0 | 30.0 | 10.0   | 0W       | AUS        | ▄bergangsmodus START - KEIN Solar -> MUSS AUS bleiben!
DEBUG: temp_met=True, solar_met=False, pause_ok=True, comp_ein=False
08:01      | ▄bergangsmodus       | 35/35/30     | 35     | 43.0 | 45.0 | 10.0   | 0W       | AUS        | Immer noch kein Solar -> MUSS AUS bleiben! [KORREKT: AUS trotz Temp-Bed.]
DEBUG: time_since_off=531 days, 8:05:00, min_pause=0:03:00
DEBUG: temp_met=True, solar_met=True, pause_ok=True, comp_ein=False
DEBUG: can_start_new_cycle=True
08:05      | Solar³berschuss      | 35/35/30     | 30     | 40   | 48   | 10.0   | 800W     | AN         | Solar aktiv -> DARF AN
08:16      | ▄bergangsmodus       | 35/35/30     | 35     | 43.0 | 45.0 | 10.0   | 200W     | AN         | Solar weg (nach Min-Laufzeit) -> MUSS AUS
09:00      | Solar³berschuss      | 35/35/30     | 30     | 40   | 48   | 10.0   | 1000W    | AN         | Solar wieder da -> DARF AN
10:00      | Solar³berschuss      | 50/50/46     | 46     | 40   | 48   | 10.0   | 1000W    | AUS        | Nach ▄bergangsmodus (Normal) -> Temperatur erreicht -> AUS
DEBUG: time_since_off=-535 days, 1:25:54.586811, min_pause=0:03:00
DEBUG: temp_met=True, solar_met=True, pause_ok=False, comp_ein=False
10:15      | Normalmodus          | 35/35/30     | 35     | 43.0 | 45.0 | 10.0   | 0W       | AUS        | Normalmodus, keine Temp-Bedingung -> AUS
DEBUG: temp_met=True, solar_met=False, pause_ok=True, comp_ein=False
17:59      | ▄bergangsmodus       | 35/35/30     | 35     | 43.0 | 45.0 | 10.0   | 0W       | AUS        | Vor Abend-▄bergangsmodus
DEBUG: temp_met=True, solar_met=False, pause_ok=True, comp_ein=False
18:00      | ▄bergangsmodus       | 35/35/30     | 35     | 43.0 | 45.0 | 10.0   | 0W       | AUS        | Abend-▄bergangsmodus START - KEIN Solar -> MUSS AUS! [KORREKT: AUS trotz Temp-Bed.]
DEBUG: time_since_off=-535 days, 9:11:54.586811, min_pause=0:03:00
DEBUG: temp_met=True, solar_met=True, pause_ok=False, comp_ein=False
18:01      | Solar³berschuss      | 35/35/30     | 30     | 40   | 48   | 10.0   | 700W     | AUS        | Solar aktiv -> DARF AN
18:30      | Solar³berschuss      | 50/50/46     | 46     | 40   | 48   | 10.0   | 700W     | AUS        | Temperatur erreicht -> AUS
DEBUG: temp_met=False, solar_met=False, pause_ok=True, comp_ein=False
19:30      | ▄bergangsmodus       | 35/35/30     | 35     | 28.0 | 30.0 | 10.0   | 0W       | AUS        | Nachtmodus -> Temperatur < Einschalt -> DARF AN (Nachtmodus erlaubt ohne Solar)
DEBUG: temp_met=True, solar_met=False, pause_ok=True, comp_ein=False
17:59      | ▄bergangsmodus       | 35/35/30     | 35     | 43.0 | 45.0 | 10.0   | 0W       | AUS        | Vor Abend-▄bergangsmodus
DEBUG: time_since_off=-535 days, 9:10:54.586811, min_pause=0:03:00
DEBUG: temp_met=True, solar_met=True, pause_ok=False, comp_ein=False
BUG: Kompressor AUS trotz kritischer Kõlte (25 <= 28.0)
F

================================== FAILURES ===================================
_______________________________ test_scenarios ________________________________

    @pytest.mark.asyncio
    async def test_scenarios():
        config = load_simulation_config()
    
        # Scenario 1: Standard Day + Fluctuations
        steps_1 = [
            (0,  0, 40, 35, 0, 20, "Start Nacht"),
            (2,  0, 34, 30, 0, 15, "Temp < Einschalt (35) -> AN"),
            (3,  0, 46, 42, 0, 15, "Temp > Ausschalt (45) -> AUS"),
            (7,  0, 39, 36, 100, 25, "Morgen (▄bergang)"),
            (12, 0, 42, 40, 1000, 90, "Solar³berschuss -> Sollwerte hoch"),
            (12, 15, 42, 40, 1000, 95, "Kompressor AN (Solarboost)"),
            (13, 0, 48, 46, 200, 90, "Wolke! BatPower < 600 -> Normalmodus"),
            (13, 15, 48, 46, 1200, 92, "Sonne da -> Solar³berschuss"),
            (16, 0, 56, 54, 800, 100, "Speicher voll -> AUS"),
            (23, 0, 45, 42, -200, 60, "Nacht"),
        ]
        await run_simulation_scenario("1. Standard Tag + Schwankungen", steps_1, config)
    
        # Scenario 2: Transitions & Mode Switching
        steps_2 = [
            (9, 55, 45, 42, 100, 50, "Morgen ▄bergang (Ende 10:00)"),
            (10, 5, 45, 42, 100, 50, "Normalmodus (nach 10:00)"),
            (11, 0, 45, 42, 800, 96, "Direkt zu Solar³berschuss (>600W, SOC>95)"),
            (11, 15, 45, 42, 800, 96, "Kompressor AN (Solar)"),
            (14, 0, 50, 48, -100, 40, "Verbrauch hoch, Bat leer -> Normalmodus"),
            (14, 15, 50, 48, -100, 40, "Kompressor bleibt AN (Hysterese)"),
            (18, 5, 50, 48, -100, 40, "Abend ▄bergang (Start 18:00)"),
        ]
        await run_simulation_scenario("2. ▄bergõnge & Moduswechsel", steps_2, config)
    
        # Scenario 3: Failures & Edge Cases
        # Format: (H, M, T_Mittig, T_Unten, Bat, SOC, Desc, T_Oben, T_Verd)
        steps_3 = [
            (10, 0, 40, 38, 0, 50, "Normalbetrieb", 40, 10),
            (10, 15, 40, 38, 0, 50, "Kompressor AN", 40, 10),
            (10, 30, None, 38, 0, 50, "SENSORFEHLER: T_Mittig ausgefallen", 40, 10),
            (10, 45, 42, 40, 0, 50, "Sensor wieder da", 42, 10),
            (11, 0, 45, 42, 0, 50, "Normalbetrieb", 45, 10),
            (11, 15, 45, 42, 0, 50, "▄BERTEMPERATUR T_Oben=65!", 65, 10),
            (11, 30, 45, 42, 0, 50, "Abk³hlung T_Oben=55", 55, 10),
            (12, 0, 45, 42, 0, 50, "VERDAMPFER VEREIST (-15░C)", 45, -15),
        ]
        await run_simulation_scenario("3. Fehlerfõlle & Edge Cases", steps_3, config)
    
        # Scenario 4: Minimum Runtime & Pause
        # Min Runtime = 10 min, Min Pause = 10 min
        steps_4 = [
            (8, 0, 40, 35, 0, 50, "Start (Normalmodus)"),
            (8, 5, 34, 30, 0, 50, "Temp < Einschalt -> AN"),
            (8, 10, 46, 42, 0, 50, "Temp > Ausschalt -> Bleibt AN (Min Laufzeit 5/10 min)"),
            (8, 16, 46, 42, 0, 50, "Temp > Ausschalt -> AUS (Laufzeit > 10 min)"),
            (8, 20, 34, 30, 0, 50, "Temp < Einschalt -> Bleibt AUS (Min Pause 4/10 min)"),
            (8, 27, 34, 30, 0, 50, "Temp < Einschalt -> AN (Pause > 10 min)"),
        ]
        await run_simulation_scenario("4. Mindestlaufzeit & Pause", steps_4, config)
    
        # Scenario 5: Transition Mode Edge Cases (CRITICAL - catches the cached solar_window bug!)
        steps_5 = [
            # Morning Transition - Start at 08:00 exactly
            (7, 59, 35, 30, 0, 50, "Vor ▄bergangsmodus (Nacht)"),
            (8, 0, 35, 30, 0, 50, "▄bergangsmodus START - KEIN Solar -> MUSS AUS bleiben!"),
            (8, 1, 35, 30, 0, 50, "Immer noch kein Solar -> MUSS AUS bleiben!"),
            (8, 5, 35, 30, 800, 96, "Solar aktiv -> DARF AN"),
            (8, 16, 35, 30, 200, 50, "Solar weg (nach Min-Laufzeit) -> MUSS AUS"),
            (9, 0, 35, 30, 1000, 97, "Solar wieder da -> DARF AN"),
            (10, 0, 50, 46, 1000, 97, "Nach ▄bergangsmodus (Normal) -> Temperatur erreicht -> AUS"),
            (10, 15, 35, 30, 0, 50, "Normalmodus, keine Temp-Bedingung -> AUS"),
            # Evening Transition - Start at 18:00 exactly
            (17, 59, 35, 30, 0, 50, "Vor Abend-▄bergangsmodus"),
            (18, 0, 35, 30, 0, 50, "Abend-▄bergangsmodus START - KEIN Solar -> MUSS AUS!"),
            (18, 1, 35, 30, 700, 96, "Solar aktiv -> DARF AN"),
            (18, 30, 50, 46, 700, 96, "Temperatur erreicht -> AUS"),
            (19, 30, 35, 30, 0, 50, "Nachtmodus -> Temperatur < Einschalt -> DARF AN (Nachtmodus erlaubt ohne Solar)"),
        ]
    
        # Scenario 6: Evening Transition Cold Start (User Request)
        # "Wenn die Temperaturen am Abend in der ▄bergangszeit unter die Einschalttemperaturen des Nachtmodus fallen, soll der Kompressor trotzdem anlaufen."
        # Night Setpoint = Basis (40) - Reduction (e.g. 0 or 5). Let's assume 35 is definitely below.
        steps_6 = [
            (17, 59, 35, 30, 0, 50, "Vor Abend-▄bergangsmodus"),
            (18, 0, 25, 22, 0, 50, "Abend-▄bergangsmodus START - Sehr Kalt (25░C < 28░C Night-Setpoint) - KEIN Solar"),
            # EXPECTATION: Compressor SHOULD turn ON because 25 < Night Setpoint (28)
            # CURRENT BUG: It stays OFF because Transition Mode blocks it without solar.
            (18, 15, 25, 22, 0, 50, "Sollte AN sein wegen kritischer Kõlte"),
        ]
        await run_simulation_scenario("6. Abend-▄bergang Kaltstart", steps_6, config)
    
        print("\n\n=== SZENARIO: 5. ▄bergangsmodus Edge Cases (Bug-Catching) ===")
        print(f"{'UHRZEIT':<10} | {'MODUS':<20} | {'TEMP (O/M/U)':<12} | {'REGEL':<6} | {'EIN':<4} | {'AUS':<4} | {'VERD':<6} | {'SOLAR':<8} | {'KOMPRESSOR':<10} | {'INFO'}")
        print("-" * 140)
    
        mock_state = create_mock_state(config)
        start_date = datetime(2024, 6, 15, 0, 0, 0)
        local_tz = pytz.timezone("Europe/Berlin")
    
        async def mock_set_kompressor(state, status, force=False, t_boiler_oben=None):
            state.kompressor_ein = status
            if status:
                state.last_compressor_on_time = datetime.now(state.local_tz)
            else:
                state.last_compressor_off_time = datetime.now(state.local_tz)
            return True
    
        async def mock_send_telegram(session, chat_id, message, token, parse_mode=None):
            pass
    
        with patch('control_logic.datetime') as mock_dt, \
             patch('control_logic.is_nighttime') as mock_is_night, \
             patch('control_logic.is_solar_window') as mock_is_solar, \
             patch('control_logic.send_telegram_message', side_effect=mock_send_telegram):
    
            mock_dt.now.side_effect = lambda tz=None: current_sim_time.replace(tzinfo=tz if tz else None)
    
            def update_mocks(sim_time):
                t = sim_time.time()
                night_start = datetime.strptime(
                    config["Heizungssteuerung"].get("NACHTABSENKUNG_START", "22:00"), "%H:%M").time()
                night_end = datetime.strptime(
                    config["Heizungssteuerung"].get("NACHTABSENKUNG_END", "06:00"), "%H:%M").time()
    
                if night_start <= night_end:
                    is_night = night_start <= t <= night_end
                else:
                    is_night = night_start <= t or t <= night_end
    
                mock_is_night.return_value = is_night
                is_solar = (t >= time(8,0) and t < time(18,0))
                mock_is_solar.return_value = is_solar
    
            for step in steps_5 + steps_6:
                hour, minute, t_mittig, t_unten, bat_power, soc, desc = step[:7]
                t_oben = step[7] if len(step) > 7 else t_mittig
                t_verd = step[8] if len(step) > 8 else 10.0
    
                current_sim_time = start_date.replace(hour=hour, minute=minute)
                current_sim_time = local_tz.localize(current_sim_time)
                update_mocks(current_sim_time)
    
                mock_state.batpower = bat_power
                mock_state.soc = soc
                mock_state.feedinpower = 0
    
                setpoints = await determine_mode_and_setpoints(mock_state, t_unten, t_mittig)
    
                safety_ok = await check_sensors_and_safety(
                    None, mock_state, t_oben=t_oben, t_unten=t_unten, t_mittig=t_mittig, t_verd=t_verd,
                    set_kompressor_status_func=mock_set_kompressor
                )
    
                if safety_ok:
                    if mock_state.kompressor_ein:
                        await handle_compressor_off(
                            mock_state, None, setpoints['regelfuehler'], setpoints['ausschaltpunkt'],
                            timedelta(minutes=int(config["Heizungssteuerung"]["MIN_LAUFZEIT"])), t_oben, mock_set_kompressor
                        )
                    else:
                        await handle_compressor_on(
                            mock_state, None, setpoints['regelfuehler'], setpoints['einschaltpunkt'],
                            timedelta(minutes=int(config["Heizungssteuerung"]["MIN_LAUFZEIT"])),
                            timedelta(minutes=int(config["Heizungssteuerung"]["MIN_PAUSE"])),
                            mock_is_solar.return_value, t_oben, mock_set_kompressor
                        )
    
                # CRITICAL ASSERTIONS - Detect the bug!
                t = current_sim_time.time()
                is_transition = ((time(8,0) <= t <= time(10,0)) or (time(18,0) <= t <= time(19,30)))
                has_solar = bat_power > 600 or (soc >= 95 and 0 > 600)
    
                # If in transition mode and temp < setpoint and NO solar excess -> compressor MUST be OFF
                # BUT: Respect MIN_LAUFZEIT - if compressor just started, it must continue running
                time_since_on = (current_sim_time - mock_state.last_compressor_on_time).total_seconds() / 60
                min_runtime_minutes = int(config["Heizungssteuerung"]["MIN_LAUFZEIT"])
    
                if is_transition and t_mittig < setpoints['einschaltpunkt'] and not has_solar:
                    # Only assert if minimum runtime has passed
                    if mock_state.kompressor_ein and time_since_on > min_runtime_minutes:
                        error_msg = (f"\n\n*** BUG DETECTED! ***\n"
                                    f"Zeit: {t}\n"
                                    f"▄bergangsmodus: Ja\n"
                                    f"Temperatur: {t_mittig} < {setpoints['einschaltpunkt']} (w³rde einschalten)\n"
                                    f"Solar: {bat_power}W (KEIN ▄berschuss!)\n"
                                    f"Kompressor: AN (SOLLTE AUS SEIN!)\n")
                        print(error_msg)
                        raise AssertionError(error_msg)
    
                time_str = current_sim_time.strftime("%H:%M")
                comp_str = "AN" if mock_state.kompressor_ein else "AUS"
                solar_str = f"{bat_power}W" if bat_power is not None else "N/A"
                temp_str = f"{t_oben}/{t_mittig}/{t_unten}"
                verd_str = f"{t_verd}"
                regel_str = f"{setpoints['regelfuehler']}"
                ein_str = f"{setpoints['einschaltpunkt']}"
                aus_str = f"{setpoints['ausschaltpunkt']}"
    
                # Extra validation info
                validation_suffix = ""
                if is_transition and not has_solar and t_mittig < setpoints['einschaltpunkt']:
                    # Check for critical cold exception (Scenario 6)
                    # Calculate night setpoint from config (same as implementation)
                    basis_einschaltpunkt = int(config["Heizungssteuerung"].get("EINSCHALTPUNKT", 43))
                    nacht_reduction = float(config["Heizungssteuerung"].get("NACHTABSENKUNG", 0.0))
                    night_setpoint = basis_einschaltpunkt - nacht_reduction  # e.g. 43 - 15 = 28
    
                    is_evening_transition = (time(18,0) <= t <= time(19,30))
    
                    if is_evening_transition and t_mittig <= night_setpoint:
                         if mock_state.kompressor_ein:
                             validation_suffix = f" [KORREKT: AN wegen Kõlte ({t_mittig} <= {night_setpoint})]"
                         else:
                             error_msg = f"BUG: Kompressor AUS trotz kritischer Kõlte ({t_mittig} <= {night_setpoint})"
                             print(error_msg)
>                            raise AssertionError(error_msg)
E                            AssertionError: BUG: Kompressor AUS trotz kritischer Kõlte (25 <= 28.0)

tests\test_day_simulation.py:409: AssertionError
------------------------------ Captured log call ------------------------------
ERROR    root:control_logic.py:204 Sicherheitsabschaltung: T_Oben=56.0 Grad, T_Unten=54.0 Grad
ERROR    root:control_logic.py:204 Sicherheitsabschaltung: T_Oben=50.0 Grad, T_Unten=48.0 Grad
ERROR    root:control_logic.py:204 Sicherheitsabschaltung: T_Oben=50.0 Grad, T_Unten=48.0 Grad
ERROR    root:control_logic.py:204 Sicherheitsabschaltung: T_Oben=50.0 Grad, T_Unten=48.0 Grad
ERROR    root:control_logic.py:204 Sicherheitsabschaltung: T_Oben=65.0 Grad, T_Unten=42.0 Grad
ERROR    root:control_logic.py:204 Sicherheitsabschaltung: T_Oben=55.0 Grad, T_Unten=42.0 Grad
WARNING  root:control_logic.py:235 Verdampfertemperatur zu niedrig (-15.0 Grad < 6.0 Grad)
ERROR    root:control_logic.py:204 Sicherheitsabschaltung: T_Oben=50.0 Grad, T_Unten=46.0 Grad
ERROR    root:control_logic.py:204 Sicherheitsabschaltung: T_Oben=50.0 Grad, T_Unten=46.0 Grad
=========================== short test summary info ===========================
FAILED tests/test_day_simulation.py::test_scenarios - AssertionError: BUG: Ko...
============================== 1 failed in 1.79s ==============================
